To honour the JVM settings for this build a single-use Daemon process will be forked. For more on this, please refer to https://docs.gradle.org/8.9/userguide/gradle_daemon.html#sec:disabling_the_daemon in the Gradle documentation.
Daemon will be stopped at the end of the build 
WARNING: We recommend using a newer Android Gradle plugin to use compileSdk = 36

This Android Gradle plugin (8.7.3) was tested up to compileSdk = 35.

You are strongly encouraged to update your project to use a newer
Android Gradle plugin that has been tested with compileSdk = 36.

If you are already using the latest version of the Android Gradle plugin,
you may need to wait until a newer version with support for compileSdk = 36 is available.

For more information refer to the compatibility table:
https://d.android.com/r/tools/api-level-support

To suppress this warning, add/update
    android.suppressUnsupportedCompileSdk=36
to this project's gradle.properties.
> Task :app:buildKotlinToolingMetadata
> Task :app:checkKotlinGradlePluginConfigurationErrors SKIPPED
> Task :app:preBuild UP-TO-DATE
> Task :app:preReleaseBuild UP-TO-DATE
> Task :app:dataBindingMergeDependencyArtifactsRelease
> Task :app:generateReleaseResValues FROM-CACHE
> Task :app:generateReleaseResources
> Task :app:packageReleaseResources
> Task :app:generateReleaseBuildConfig FROM-CACHE
> Task :app:mapReleaseSourceSetPaths
> Task :app:createReleaseCompatibleScreenManifests
> Task :app:checkReleaseAarMetadata
> Task :app:parseReleaseLocalResources
> Task :app:extractDeepLinksRelease FROM-CACHE
> Task :app:processReleaseMainManifest FROM-CACHE
> Task :app:processReleaseManifest FROM-CACHE
> Task :app:processReleaseManifestForPackage FROM-CACHE
> Task :app:javaPreCompileRelease FROM-CACHE
> Task :app:extractProguardFiles
> Task :app:mergeReleaseJniLibFolders
> Task :app:mergeReleaseNativeLibs NO-SOURCE
> Task :app:stripReleaseDebugSymbols NO-SOURCE
> Task :app:extractReleaseNativeSymbolTables NO-SOURCE
> Task :app:mergeReleaseNativeDebugMetadata NO-SOURCE
> Task :app:checkReleaseDuplicateClasses
> Task :app:mergeReleaseResources
> Task :app:desugarReleaseFileDependencies FROM-CACHE
> Task :app:dataBindingGenBaseClassesRelease FROM-CACHE
> Task :app:mergeReleaseStartupProfile
> Task :app:mergeExtDexRelease FROM-CACHE
> Task :app:mergeReleaseArtProfile
> Task :app:mergeReleaseShaders
> Task :app:compileReleaseShaders NO-SOURCE
> Task :app:generateReleaseAssets UP-TO-DATE
> Task :app:mergeReleaseAssets
> Task :app:compressReleaseAssets FROM-CACHE
> Task :app:extractReleaseVersionControlInfo
> Task :app:processReleaseResources
> Task :app:collectReleaseDependencies
> Task :app:sdkReleaseDependencyData
> Task :app:validateSigningRelease
> Task :app:optimizeReleaseResources
> Task :app:writeReleaseAppMetadata
> Task :app:writeReleaseSigningConfigVersions

> Task :app:compileReleaseKotlin FAILED
e: file:///home/runner/work/lanxing-tv/lanxing-tv/app/src/main/java/com/cyj265/iptvplayer/MainActivity.kt:2717:19 Unresolved reference 'animate'.
e: file:///home/runner/work/lanxing-tv/lanxing-tv/app/src/main/java/com/cyj265/iptvplayer/MainActivity.kt:2720:40 Unresolved reference 'visibility'.
e: file:///home/runner/work/lanxing-tv/lanxing-tv/app/src/main/java/com/cyj265/iptvplayer/player/PlaybackManager.kt:579:64 Unresolved reference 'codecName'.
gradle/actions: Writing build results to /home/runner/work/_temp/.gradle-actions/build-results/__run_3-1789214699412.json

FAILURE: Build failed with an exception.

* What went wrong:
Execution failed for task ':app:compileReleaseKotlin'.
> A failure occurred while executing org.jetbrains.kotlin.compilerRunner.GradleCompilerRunnerWithWorkers$GradleKotlinCompilerWorkAction
   > Compilation error. See log for more details

* Try:
> Run with --stacktrace option to get the stack trace.
> Run with --info or --debug option to get more log output.
> Run with --scan to get full insights.
> Get more help at https://help.gradle.org.

BUILD FAILED in 27s
36 actionable tasks: 25 executed, 11 from cache
